eï¿½&ï¿½+
Bï¿½ï¿½Jï¿½ï¿½Ñ¹esp32: SPI Speed  ï¿½ets Jul 29 2019 12:21:46

rst:0x1 (POWERON_RESET),boot:0x13 (SPI_FAST_FLASH_BOOT)
configsip: 0, SPIWP:0xee
clk_drv:0x00,q_drv:0x00,d_drv:0x00,cs0_drv:0x00,hd_drv:0x00,wp_drv:0x00
mode:DIO, clock div:2
load:0x3fff0030,len:7176
load:0x40078000,len:15648
load:0x40080400,len:4
ho 8 tail 4 room 4
load:0x40080404,len:3904
entry 0x40080640
[0;32mI (31) boot: ESP-IDF v5.3.1-dirty 2nd stage bootloader[0m
[0;32mI (31) boot: compile time Sep 14 2025 00:13:31[0m
[0;32mI (31) boot: Multicore bootloader[0m
[0;32mI (36) boot: chip revision: v3.0[0m
[0;32mI (40) boot.esp32: SPI Speed      : 40MHz[0m
[0;32mI (44) boot.esp32: SPI Mode       : DIO[0m
[0;32mI (49) boot.esp32: SPI Flash Size : 4MB[0m
[0;32mI (53) boot: Enabling RNG early entropy source...[0m
[0;32mI (59) boot: Partition Table:[0m
[0;32mI (62) boot: ## Label            Usage          Type ST Offset   Length[0m
[0;32mI (70) boot:  0 nvs              WiFi data        01 02 00009000 00005000[0m
[0;32mI (77) boot:  1 otadata          OTA data         01 00 0000e000 00002000[0m
[0;32mI (85) boot:  2 phy_init         RF data          01 01 00010000 00001000[0m
[0;32mI (92) boot:  3 factory          factory app      00 00 00020000 00100000[0m
[0;32mI (99) boot:  4 ota_0            OTA app          00 10 00120000 00100000[0m
[0;32mI (107) boot:  5 ota_1            OTA app          00 11 00220000 00100000[0m
[0;32mI (115) boot: End of partition table[0m
[0;32mI (119) boot: Defaulting to factory image[0m
[0;32mI (124) esp_image: segment 0: paddr=00020020 vaddr=3f400020 size=24f44h (151364) map[0m
[0;32mI (184) esp_image: segment 1: paddr=00044f6c vaddr=3ffb0000 size=03ee0h ( 16096) load[0m
[0;32mI (190) esp_image: segment 2: paddr=00048e54 vaddr=40080000 size=071c4h ( 29124) load[0m
[0;32mI (202) esp_image: segment 3: paddr=00050020 vaddr=400d0020 size=9d6e8h (644840) map[0m
[0;32mI (423) esp_image: segment 4: paddr=000ed710 vaddr=400871c4 size=10188h ( 65928) load[0m
[0;32mI (461) boot: Loaded app from partition at offset 0x20000[0m
[0;32mI (461) boot: Disabling RNG early entropy source...[0m
[0;32mI (473) cpu_start: Multicore app[0m
[0;32mI (481) cpu_start: Pro cpu start user code[0m
[0;32mI (481) cpu_start: cpu freq: 160000000 Hz[0m
[0;32mI (481) app_init: Application information:[0m
[0;32mI (484) app_init: Project name:     MyOTAProject[0m
[0;32mI (489) app_init: App version:      1.0.0[0m
[0;32mI (494) app_init: Compile time:     Sep 14 2025 00:13:14[0m
[0;32mI (500) app_init: ELF file SHA256:  c2707a046...[0m
[0;32mI (505) app_init: ESP-IDF:          v5.3.1-dirty[0m
[0;32mI (511) efuse_init: Min chip rev:     v0.0[0m
[0;32mI (516) efuse_init: Max chip rev:     v3.99 [0m
[0;32mI (520) efuse_init: Chip rev:         v3.0[0m
[0;32mI (526) heap_init: Initializing. RAM available for dynamic allocation:[0m
[0;32mI (533) heap_init: At 3FFAE6E0 len 00001920 (6 KiB): DRAM[0m
[0;32mI (539) heap_init: At 3FFB86F0 len 00027910 (158 KiB): DRAM[0m
[0;32mI (545) heap_init: At 3FFE0440 len 00003AE0 (14 KiB): D/IRAM[0m
[0;32mI (551) heap_init: At 3FFE4350 len 0001BCB0 (111 KiB): D/IRAM[0m
[0;32mI (558) heap_init: At 4009734C len 00008CB4 (35 KiB): IRAM[0m
[0;32mI (565) spi_flash: detected chip: generic[0m
[0;32mI (568) spi_flash: flash io: dio[0m
[0;32mI (573) main_task: Started on CPU0[0m
[0;32mI (583) main_task: Calling app_main()[0m
[0;32mI (583) OTA_HTTP: Version: 1.0.0[0m
[0;32mI (583) OTA_HTTP: Compiled: Sep 14 2025 00:28:54[0m
[0;32mI (583) OTA_HTTP: ESP-IDF: v5.3.1-dirty[0m
[0;32mI (623) wifi:wifi driver task: 3ffc06d0, prio:23, stack:6656, core=0[0m
[0;32mI (633) wifi:wifi firmware version: ccaebfa[0m
[0;32mI (633) wifi:wifi certification version: v7.0[0m
[0;32mI (633) wifi:config NVS flash: enabled[0m
[0;32mI (633) wifi:config nano formating: disabled[0m
[0;32mI (633) wifi:Init data frame dynamic rx buffer num: 32[0m
[0;32mI (643) wifi:Init static rx mgmt buffer num: 5[0m
[0;32mI (643) wifi:Init management short buffer num: 32[0m
[0;32mI (653) wifi:Init dynamic tx buffer num: 32[0m
[0;32mI (653) wifi:Init static rx buffer size: 1600[0m
[0;32mI (663) wifi:Init static rx buffer num: 10[0m
[0;32mI (663) wifi:Init dynamic rx buffer num: 32[0m
[0;32mI (663) wifi_init: rx ba win: 6[0m
[0;32mI (673) wifi_init: accept mbox: 6[0m
[0;32mI (673) wifi_init: tcpip mbox: 32[0m
[0;32mI (673) wifi_init: udp mbox: 6[0m
[0;32mI (683) wifi_init: tcp mbox: 6[0m
[0;32mI (683) wifi_init: tcp tx win: 5760[0m
[0;32mI (693) wifi_init: tcp rx win: 5760[0m
[0;32mI (693) wifi_init: tcp mss: 1440[0m
[0;32mI (693) wifi_init: WiFi IRAM OP enabled[0m
[0;32mI (703) wifi_init: WiFi RX IRAM OP enabled[0m
[0;32mI (713) phy_init: phy_version 4830,54550f7,Jun 20 2024,14:22:08[0m
[0;32mI (793) wifi:mode : sta (78:21:84:8d:55:94)[0m
[0;32mI (793) wifi:enable tsf[0m
[0;32mI (803) wifi:new:<4,0>, old:<1,0>, ap:<255,255>, sta:<4,0>, prof:1, snd_ch_cfg:0x0[0m
[0;32mI (803) wifi:state: init -> auth (0xb0)[0m
[0;32mI (813) wifi:state: auth -> assoc (0x0)[0m
[0;32mI (823) wifi:state: assoc -> run (0x10)[0m
I (923) wifi:connected with DRey, aid = 6, channel 4, BW20, bssid = 20:23:51:d4:1c:96
[0;32mI (923) wifi:security: WPA2-PSK, phy: bgn, rssi: -70[0m
[0;32mI (933) wifi:pm start, type: 1[0m

[0;32mI (933) wifi:dp: 1, bi: 102400, li: 3, scale listen interval from 307200 us to 307200 us[0m
[0;32mI (953) wifi:AP's beacon interval = 102400 us, DTIM period = 1[0m
[0;32mI (953) wifi:<ba-add>idx:0 (ifx:0, 20:23:51:d4:1c:96), tid:0, ssn:2, winSize:64[0m
[0;32mI (2443) esp_netif_handlers: sta ip: 192.168.0.101, mask: 255.255.255.0, gw: 192.168.0.1[0m
[0;32mI (2443) OTA_HTTP: Got IP: 192.168.0.101[0m
[0;32mI (11723) OTA_HTTP: HTTP status 200, content length 907088[0m
[0;32mI (11723) OTA_HTTP: Writing to partition subtype 16 at offset 0x120000[0m
[0;32mI (13253) OTA_HTTP: Current firmware version: 1.0.0[0m
[0;32mI (13253) OTA_HTTP: Available firmware version: 1.0.1[0m
[0;32mI (13253) OTA_HTTP: Proceeding with OTA update...[0m
[0;32mI (20803) OTA_HTTP: Running Firmware Info:[0m
[0;32mI (20803) OTA_HTTP:  Project: MyOTAProject[0m
[0;32mI (20803) OTA_HTTP:  Version: 1.0.0[0m
[0;32mI (20803) OTA_HTTP:  Compiled: Sep 14 2025 00:13:14[0m
[0;32mI (20823) OTA_HTTP:  ESP-IDF: v5.3.1-dirty[0m
[0;32mI (23043) OTA_HTTP: Connection closed, all data received[0m
[0;32mI (23043) OTA_HTTP: Total binary length written: 907088[0m
[0;32mI (23043) esp_image: segment 0: paddr=00120020 vaddr=3f400020 size=24ec4h (151236) map[0m
[0;32mI (23103) esp_image: segment 1: paddr=00144eec vaddr=3ffb0000 size=03ee0h ( 16096) [0m
[0;32mI (23113) esp_image: segment 2: paddr=00148dd4 vaddr=40080000 size=07244h ( 29252) [0m
[0;32mI (23123) esp_image: segment 3: paddr=00150020 vaddr=400d0020 size=9d5f8h (644600) map[0m
[0;32mI (23343) esp_image: segment 4: paddr=001ed620 vaddr=40087244 size=10108h ( 65800) [0m
[0;32mI (23373) esp_image: segment 0: paddr=00120020 vaddr=3f400020 size=24ec4h (151236) map[0m
[0;32mI (23423) esp_image: segment 1: paddr=00144eec vaddr=3ffb0000 size=03ee0h ( 16096) [0m
[0;32mI (23433) esp_image: segment 2: paddr=00148dd4 vaddr=40080000 size=07244h ( 29252) [0m
[0;32mI (23443) esp_image: segment 3: paddr=00150020 vaddr=400d0020 size=9d5f8h (644600) map[0m
[0;32mI (23653) esp_image: segment 4: paddr=001ed620 vaddr=40087244 size=10108h ( 65800) [0m
[0;32mI (23693) OTA_HTTP: OTA update successful, restarting...[0m
[0;32mI (23693) wifi:state: run -> init (0x0)[0m
[0;32mI (23693) wifi:pm stop, total sleep time: 10576170 us / 22762109 us[0m

[0;32mI (23693) wifi:<ba-del>idx:0, tid:0[0m
[0;32mI (23693) wifi:new:<4,0>, old:<4,0>, ap:<255,255>, sta:<4,0>, prof:1, snd_ch_cfg:0x0[0m
[1;31mE (23703) wifi:NAN WiFi stop[0m
[0;32mI (23713) OTA_HTTP: Retrying Wi-Fi connection...[0m
[0;32mI (23753) wifi:flush txq[0m
[0;32mI (23753) wifi:stop sw txq[0m
[0;32mI (23753) wifi:lmac stop hw txq[0m
ets Jul 29 2019 12:21:46

rst:0xc (SW_CPU_RESET),boot:0x13 (SPI_FAST_FLASH_BOOT)
configsip: 0, SPIWP:0xee
clk_drv:0x00,q_drv:0x00,d_drv:0x00,cs0_drv:0x00,hd_drv:0x00,wp_drv:0x00
mode:DIO, clock div:2
load:0x3fff0030,len:7176
load:0x40078000,len:15648
load:0x40080400,len:4
ho 8 tail 4 room 4
load:0x40080404,len:3904
entry 0x40080640
[0;32mI (31) boot: ESP-IDF v5.3.1-dirty 2nd stage bootloader[0m
[0;32mI (31) boot: compile time Sep 14 2025 00:13:31[0m
[0;32mI (31) boot: Multicore bootloader[0m
[0;32mI (36) boot: chip revision: v3.0[0m
[0;32mI (40) boot.esp32: SPI Speed      : 40MHz[0m
[0;32mI (44) boot.esp32: SPI Mode       : DIO[0m
[0;32mI (49) boot.esp32: SPI Flash Size : 4MB[0m
[0;32mI (53) boot: Enabling RNG early entropy source...[0m
[0;32mI (59) boot: Partition Table:[0m
[0;32mI (62) boot: ## Label            Usage          Type ST Offset   Length[0m
[0;32mI (70) boot:  0 nvs              WiFi data        01 02 00009000 00005000[0m
[0;32mI (77) boot:  1 otadata          OTA data         01 00 0000e000 00002000[0m
[0;32mI (84) boot:  2 phy_init         RF data          01 01 00010000 00001000[0m
[0;32mI (92) boot:  3 factory          factory app      00 00 00020000 00100000[0m
[0;32mI (99) boot:  4 ota_0            OTA app          00 10 00120000 00100000[0m
[0;32mI (107) boot:  5 ota_1            OTA app          00 11 00220000 00100000[0m
[0;32mI (114) boot: End of partition table[0m
[0;32mI (178) esp_image: segment 0: paddr=00120020 vaddr=3f400020 size=24ec4h (151236) map[0m
[0;32mI (230) esp_image: segment 1: paddr=00144eec vaddr=3ffb0000 size=03ee0h ( 16096) load[0m
[0;32mI (236) esp_image: segment 2: paddr=00148dd4 vaddr=40080000 size=07244h ( 29252) load[0m
[0;32mI (248) esp_image: segment 3: paddr=00150020 vaddr=400d0020 size=9d5f8h (644600) map[0m
[0;32mI (469) esp_image: segment 4: paddr=001ed620 vaddr=40087244 size=10108h ( 65800) load[0m
[0;32mI (507) boot: Loaded app from partition at offset 0x120000[0m
[0;32mI (507) boot: Disabling RNG early entropy source...[0m
[0;32mI (519) cpu_start: Multicore app[0m
[0;32mI (527) cpu_start: Pro cpu start user code[0m
[0;32mI (527) cpu_start: cpu freq: 160000000 Hz[0m
[0;32mI (527) app_init: Application information:[0m
[0;32mI (530) app_init: Project name:     MyOTAProject[0m
[0;32mI (535) app_init: App version:      1.0.1[0m
[0;32mI (540) app_init: Compile time:     Sep 13 2025 23:31:08[0m
[0;32mI (546) app_init: ELF file SHA256:  5e89b9be0...[0m
[0;32mI (551) app_init: ESP-IDF:          v5.3.1-dirty[0m
[0;32mI (557) efuse_init: Min chip rev:     v0.0[0m
[0;32mI (561) efuse_init: Max chip rev:     v3.99 [0m
[0;32mI (566) efuse_init: Chip rev:         v3.0[0m
[0;32mI (571) heap_init: Initializing. RAM available for dynamic allocation:[0m
[0;32mI (579) heap_init: At 3FFAE6E0 len 00001920 (6 KiB): DRAM[0m
[0;32mI (584) heap_init: At 3FFB86F0 len 00027910 (158 KiB): DRAM[0m
[0;32mI (591) heap_init: At 3FFE0440 len 00003AE0 (14 KiB): D/IRAM[0m
[0;32mI (597) heap_init: At 3FFE4350 len 0001BCB0 (111 KiB): D/IRAM[0m
[0;32mI (603) heap_init: At 4009734C len 00008CB4 (35 KiB): IRAM[0m
[0;32mI (611) spi_flash: detected chip: generic[0m
[0;32mI (614) spi_flash: flash io: dio[0m
[0;32mI (619) main_task: Started on CPU0[0m
[0;32mI (629) main_task: Calling app_main()[0m
[0;32mI (629) OTA_HTTP: Version next: 1.0.1[0m
[0;32mI (629) OTA_HTTP: Compiled: Sep 13 2025 23:18:03[0m
[0;32mI (629) OTA_HTTP: ESP-IDF: v5.3.1-dirty[0m
[0;32mI (669) wifi:wifi driver task: 3ffc06d0, prio:23, stack:6656, core=0[0m
[0;32mI (679) wifi:wifi firmware version: ccaebfa[0m
[0;32mI (679) wifi:wifi certification version: v7.0[0m
[0;32mI (679) wifi:config NVS flash: enabled[0m
[0;32mI (679) wifi:config nano formating: disabled[0m
[0;32mI (679) wifi:Init data frame dynamic rx buffer num: 32[0m
[0;32mI (689) wifi:Init static rx mgmt buffer num: 5[0m
[0;32mI (689) wifi:Init management short buffer num: 32[0m
[0;32mI (699) wifi:Init dynamic tx buffer num: 32[0m
[0;32mI (699) wifi:Init static rx buffer size: 1600[0m
[0;32mI (709) wifi:Init static rx buffer num: 10[0m
[0;32mI (709) wifi:Init dynamic rx buffer num: 32[0m
[0;32mI (709) wifi_init: rx ba win: 6[0m
[0;32mI (719) wifi_init: accept mbox: 6[0m
[0;32mI (719) wifi_init: tcpip mbox: 32[0m
[0;32mI (729) wifi_init: udp mbox: 6[0m
[0;32mI (729) wifi_init: tcp mbox: 6[0m
[0;32mI (729) wifi_init: tcp tx win: 5760[0m
[0;32mI (739) wifi_init: tcp rx win: 5760[0m
[0;32mI (739) wifi_init: tcp mss: 1440[0m
[0;32mI (739) wifi_init: WiFi IRAM OP enabled[0m
[0;32mI (749) wifi_init: WiFi RX IRAM OP enabled[0m
[0;32mI (759) phy_init: phy_version 4830,54550f7,Jun 20 2024,14:22:08[0m
[0;32mI (839) wifi:mode : sta (78:21:84:8d:55:94)[0m
[0;32mI (839) wifi:enable tsf[0m
[0;32mI (849) wifi:new:<4,0>, old:<1,0>, ap:<255,255>, sta:<4,0>, prof:1, snd_ch_cfg:0x0[0m
[0;32mI (859) wifi:state: init -> auth (0xb0)[0m
[0;32mI (869) wifi:state: auth -> assoc (0x0)[0m
[0;32mI (879) wifi:state: assoc -> run (0x10)[0m
[0;32mI (989) wifi:connected with DRey, aid = 6, channel 4, BW20, bssid = 20:23:51:d4:1c:96[0m
[0;32mI (989) wifi:security: WPA2-PSK, phy: bgn, rssi: -69[0m
[0;32mI (999) wifi:pm start, type: 1[0m

[0;32mI (999) wifi:dp: 1, bi: 102400, li: 3, scale listen interval from 307200 us to 307200 us[0m
[0;32mI (1029) wifi:<ba-add>idx:0 (ifx:0, 20:23:51:d4:1c:96), tid:0, ssn:3, winSize:64[0m
[0;32mI (1049) wifi:AP's beacon interval = 102400 us, DTIM period = 1[0m
[0;32mI (2509) esp_netif_handlers: sta ip: 192.168.0.101, mask: 255.255.255.0, gw: 192.168.0.1[0m
[0;32mI (2509) OTA_HTTP: Got IP: 192.168.0.101[0m
[0;32mI (11199) OTA_HTTP: Writing to partition subtype 17 at offset 0x220000[0m
[0;32mI (20839) OTA_HTTP: Running Firmware Info:[0m
[0;32mI (20839) OTA_HTTP:  Project: MyOTAProject[0m
[0;32mI (20839) OTA_HTTP:  Version: 1.0.1[0m
[0;32mI (20839) OTA_HTTP:  Compiled: Sep 13 2025 23:31:08[0m
[0;32mI (20839) OTA_HTTP:  ESP-IDF: v5.3.1-dirty[0m
[0;32mI (30849) OTA_HTTP: Running Firmware Info:[0m
[0;32mI (30849) OTA_HTTP:  Project: MyOTAProject[0m
[0;32mI (30849) OTA_HTTP:  Version: 1.0.1[0m
[0;32mI (30849) OTA_HTTP:  Compiled: Sep 13 2025 23:31:08[0m
[0;32mI (30849) OTA_HTTP:  ESP-IDF: v5.3.1-dirty[0m
[0;32mI (40859) OTA_HTTP: Running Firmware Info:[0m
[0;32mI (40859) OTA_HTTP:  Project: MyOTAProject[0m
[0;32mI (40859) OTA_HTTP:  Version: 1.0.1[0m
[0;32mI (40859) OTA_HTTP:  Compiled: Sep 13 2025 23:31:08[0m
[0;32mI (40859) OTA_HTTP:  ESP-IDF: v5.3.1-dirty[0m
[0;32mI (50869) OTA_HTTP: Running Firmware Info:[0m
[0;32mI (50869) OTA_HTTP:  Project: MyOTAProject[0m
[0;32mI (50869) OTA_HTTP:  Version: 1.0.1[0m
[0;32mI (50869) OTA_HTTP:  Compiled: Sep 13 2025 23:31:08[0m
[0;32mI (50869) OTA_HTTP:  ESP-IDF: v5.3.1-dirty[0m
[0;32mI (60879) OTA_HTTP: Running Firmware Info:[0m
[0;32mI (60879) OTA_HTTP:  Project: MyOTAProject[0m
[0;32mI (60879) OTA_HTTP:  Version: 1.0.1[0m
[0;32mI (60879) OTA_HTTP:  Compiled: Sep 13 2025 23:31:08[0m
[0;32mI (60879) OTA_HTTP:  ESP-IDF: v5.3.1-dirty[0m
